make clean_src clean_snippets src snippets
make[1]: Entering directory '/home/student/Documents/MEMORY_ALLOCATOR/assignment-memory-allocator-master/tests'
make -C /home/student/Documents/MEMORY_ALLOCATOR/assignment-memory-allocator-master/src clean
make[2]: Entering directory '/home/student/Documents/MEMORY_ALLOCATOR/assignment-memory-allocator-master/src'
rm -f ../src.zip
rm -f libosmem.so
rm -f osmem.o /home/student/Documents/MEMORY_ALLOCATOR/assignment-memory-allocator-master/utils/printf.o
make[2]: Leaving directory '/home/student/Documents/MEMORY_ALLOCATOR/assignment-memory-allocator-master/src'
rm -rf snippets/test-all snippets/test-calloc-arrays snippets/test-calloc-block-reuse snippets/test-calloc-coalesce-big snippets/test-calloc-coalesce snippets/test-calloc-expand-block snippets/test-calloc-no-preallocate snippets/test-calloc-no-split snippets/test-calloc-preallocate snippets/test-calloc-split-first snippets/test-calloc-split-last snippets/test-calloc-split-middle snippets/test-calloc-split-one-block snippets/test-calloc-split-vector snippets/test-malloc-arrays snippets/test-malloc-block-reuse snippets/test-malloc-coalesce-big snippets/test-malloc-coalesce snippets/test-malloc-expand-block snippets/test-malloc-no-preallocate snippets/test-malloc-no-split snippets/test-malloc-preallocate snippets/test-malloc-split-first snippets/test-malloc-split-last snippets/test-malloc-split-middle snippets/test-malloc-split-one-block snippets/test-malloc-split-vector snippets/test-realloc-arrays snippets/test-realloc-block-reuse snippets/test-realloc-coalesce-big snippets/test-realloc-coalesce snippets/test-realloc-expand-block snippets/test-realloc-no-preallocate snippets/test-realloc-no-split snippets/test-realloc-preallocate snippets/test-realloc-split-first snippets/test-realloc-split-last snippets/test-realloc-split-middle snippets/test-realloc-split-one-block snippets/test-realloc-split-vector
make -C /home/student/Documents/MEMORY_ALLOCATOR/assignment-memory-allocator-master/src
make[2]: Entering directory '/home/student/Documents/MEMORY_ALLOCATOR/assignment-memory-allocator-master/src'
gcc -fPIC -Wall -Wextra -g -I/home/student/Documents/MEMORY_ALLOCATOR/assignment-memory-allocator-master/utils  -c -o osmem.o osmem.c
gcc -fPIC -Wall -Wextra -g -I/home/student/Documents/MEMORY_ALLOCATOR/assignment-memory-allocator-master/utils  -c -o /home/student/Documents/MEMORY_ALLOCATOR/assignment-memory-allocator-master/utils/printf.o /home/student/Documents/MEMORY_ALLOCATOR/assignment-memory-allocator-master/utils/printf.c
gcc -shared -o libosmem.so osmem.o /home/student/Documents/MEMORY_ALLOCATOR/assignment-memory-allocator-master/utils/printf.o
make[2]: Leaving directory '/home/student/Documents/MEMORY_ALLOCATOR/assignment-memory-allocator-master/src'
gcc -I/home/student/Documents/MEMORY_ALLOCATOR/assignment-memory-allocator-master/utils -fPIC -Wall -Wextra -g -o snippets/test-all snippets/test-all.c -L/home/student/Documents/MEMORY_ALLOCATOR/assignment-memory-allocator-master/src -losmem
gcc -I/home/student/Documents/MEMORY_ALLOCATOR/assignment-memory-allocator-master/utils -fPIC -Wall -Wextra -g -o snippets/test-calloc-arrays snippets/test-calloc-arrays.c -L/home/student/Documents/MEMORY_ALLOCATOR/assignment-memory-allocator-master/src -losmem
gcc -I/home/student/Documents/MEMORY_ALLOCATOR/assignment-memory-allocator-master/utils -fPIC -Wall -Wextra -g -o snippets/test-calloc-block-reuse snippets/test-calloc-block-reuse.c -L/home/student/Documents/MEMORY_ALLOCATOR/assignment-memory-allocator-master/src -losmem
gcc -I/home/student/Documents/MEMORY_ALLOCATOR/assignment-memory-allocator-master/utils -fPIC -Wall -Wextra -g -o snippets/test-calloc-coalesce-big snippets/test-calloc-coalesce-big.c -L/home/student/Documents/MEMORY_ALLOCATOR/assignment-memory-allocator-master/src -losmem
gcc -I/home/student/Documents/MEMORY_ALLOCATOR/assignment-memory-allocator-master/utils -fPIC -Wall -Wextra -g -o snippets/test-calloc-coalesce snippets/test-calloc-coalesce.c -L/home/student/Documents/MEMORY_ALLOCATOR/assignment-memory-allocator-master/src -losmem
gcc -I/home/student/Documents/MEMORY_ALLOCATOR/assignment-memory-allocator-master/utils -fPIC -Wall -Wextra -g -o snippets/test-calloc-expand-block snippets/test-calloc-expand-block.c -L/home/student/Documents/MEMORY_ALLOCATOR/assignment-memory-allocator-master/src -losmem
gcc -I/home/student/Documents/MEMORY_ALLOCATOR/assignment-memory-allocator-master/utils -fPIC -Wall -Wextra -g -o snippets/test-calloc-no-preallocate snippets/test-calloc-no-preallocate.c -L/home/student/Documents/MEMORY_ALLOCATOR/assignment-memory-allocator-master/src -losmem
gcc -I/home/student/Documents/MEMORY_ALLOCATOR/assignment-memory-allocator-master/utils -fPIC -Wall -Wextra -g -o snippets/test-calloc-no-split snippets/test-calloc-no-split.c -L/home/student/Documents/MEMORY_ALLOCATOR/assignment-memory-allocator-master/src -losmem
gcc -I/home/student/Documents/MEMORY_ALLOCATOR/assignment-memory-allocator-master/utils -fPIC -Wall -Wextra -g -o snippets/test-calloc-preallocate snippets/test-calloc-preallocate.c -L/home/student/Documents/MEMORY_ALLOCATOR/assignment-memory-allocator-master/src -losmem
gcc -I/home/student/Documents/MEMORY_ALLOCATOR/assignment-memory-allocator-master/utils -fPIC -Wall -Wextra -g -o snippets/test-calloc-split-first snippets/test-calloc-split-first.c -L/home/student/Documents/MEMORY_ALLOCATOR/assignment-memory-allocator-master/src -losmem
gcc -I/home/student/Documents/MEMORY_ALLOCATOR/assignment-memory-allocator-master/utils -fPIC -Wall -Wextra -g -o snippets/test-calloc-split-last snippets/test-calloc-split-last.c -L/home/student/Documents/MEMORY_ALLOCATOR/assignment-memory-allocator-master/src -losmem
gcc -I/home/student/Documents/MEMORY_ALLOCATOR/assignment-memory-allocator-master/utils -fPIC -Wall -Wextra -g -o snippets/test-calloc-split-middle snippets/test-calloc-split-middle.c -L/home/student/Documents/MEMORY_ALLOCATOR/assignment-memory-allocator-master/src -losmem
gcc -I/home/student/Documents/MEMORY_ALLOCATOR/assignment-memory-allocator-master/utils -fPIC -Wall -Wextra -g -o snippets/test-calloc-split-one-block snippets/test-calloc-split-one-block.c -L/home/student/Documents/MEMORY_ALLOCATOR/assignment-memory-allocator-master/src -losmem
gcc -I/home/student/Documents/MEMORY_ALLOCATOR/assignment-memory-allocator-master/utils -fPIC -Wall -Wextra -g -o snippets/test-calloc-split-vector snippets/test-calloc-split-vector.c -L/home/student/Documents/MEMORY_ALLOCATOR/assignment-memory-allocator-master/src -losmem
gcc -I/home/student/Documents/MEMORY_ALLOCATOR/assignment-memory-allocator-master/utils -fPIC -Wall -Wextra -g -o snippets/test-malloc-arrays snippets/test-malloc-arrays.c -L/home/student/Documents/MEMORY_ALLOCATOR/assignment-memory-allocator-master/src -losmem
gcc -I/home/student/Documents/MEMORY_ALLOCATOR/assignment-memory-allocator-master/utils -fPIC -Wall -Wextra -g -o snippets/test-malloc-block-reuse snippets/test-malloc-block-reuse.c -L/home/student/Documents/MEMORY_ALLOCATOR/assignment-memory-allocator-master/src -losmem
gcc -I/home/student/Documents/MEMORY_ALLOCATOR/assignment-memory-allocator-master/utils -fPIC -Wall -Wextra -g -o snippets/test-malloc-coalesce-big snippets/test-malloc-coalesce-big.c -L/home/student/Documents/MEMORY_ALLOCATOR/assignment-memory-allocator-master/src -losmem
gcc -I/home/student/Documents/MEMORY_ALLOCATOR/assignment-memory-allocator-master/utils -fPIC -Wall -Wextra -g -o snippets/test-malloc-coalesce snippets/test-malloc-coalesce.c -L/home/student/Documents/MEMORY_ALLOCATOR/assignment-memory-allocator-master/src -losmem
gcc -I/home/student/Documents/MEMORY_ALLOCATOR/assignment-memory-allocator-master/utils -fPIC -Wall -Wextra -g -o snippets/test-malloc-expand-block snippets/test-malloc-expand-block.c -L/home/student/Documents/MEMORY_ALLOCATOR/assignment-memory-allocator-master/src -losmem
gcc -I/home/student/Documents/MEMORY_ALLOCATOR/assignment-memory-allocator-master/utils -fPIC -Wall -Wextra -g -o snippets/test-malloc-no-preallocate snippets/test-malloc-no-preallocate.c -L/home/student/Documents/MEMORY_ALLOCATOR/assignment-memory-allocator-master/src -losmem
gcc -I/home/student/Documents/MEMORY_ALLOCATOR/assignment-memory-allocator-master/utils -fPIC -Wall -Wextra -g -o snippets/test-malloc-no-split snippets/test-malloc-no-split.c -L/home/student/Documents/MEMORY_ALLOCATOR/assignment-memory-allocator-master/src -losmem
gcc -I/home/student/Documents/MEMORY_ALLOCATOR/assignment-memory-allocator-master/utils -fPIC -Wall -Wextra -g -o snippets/test-malloc-preallocate snippets/test-malloc-preallocate.c -L/home/student/Documents/MEMORY_ALLOCATOR/assignment-memory-allocator-master/src -losmem
gcc -I/home/student/Documents/MEMORY_ALLOCATOR/assignment-memory-allocator-master/utils -fPIC -Wall -Wextra -g -o snippets/test-malloc-split-first snippets/test-malloc-split-first.c -L/home/student/Documents/MEMORY_ALLOCATOR/assignment-memory-allocator-master/src -losmem
gcc -I/home/student/Documents/MEMORY_ALLOCATOR/assignment-memory-allocator-master/utils -fPIC -Wall -Wextra -g -o snippets/test-malloc-split-last snippets/test-malloc-split-last.c -L/home/student/Documents/MEMORY_ALLOCATOR/assignment-memory-allocator-master/src -losmem
gcc -I/home/student/Documents/MEMORY_ALLOCATOR/assignment-memory-allocator-master/utils -fPIC -Wall -Wextra -g -o snippets/test-malloc-split-middle snippets/test-malloc-split-middle.c -L/home/student/Documents/MEMORY_ALLOCATOR/assignment-memory-allocator-master/src -losmem
gcc -I/home/student/Documents/MEMORY_ALLOCATOR/assignment-memory-allocator-master/utils -fPIC -Wall -Wextra -g -o snippets/test-malloc-split-one-block snippets/test-malloc-split-one-block.c -L/home/student/Documents/MEMORY_ALLOCATOR/assignment-memory-allocator-master/src -losmem
gcc -I/home/student/Documents/MEMORY_ALLOCATOR/assignment-memory-allocator-master/utils -fPIC -Wall -Wextra -g -o snippets/test-malloc-split-vector snippets/test-malloc-split-vector.c -L/home/student/Documents/MEMORY_ALLOCATOR/assignment-memory-allocator-master/src -losmem
gcc -I/home/student/Documents/MEMORY_ALLOCATOR/assignment-memory-allocator-master/utils -fPIC -Wall -Wextra -g -o snippets/test-realloc-arrays snippets/test-realloc-arrays.c -L/home/student/Documents/MEMORY_ALLOCATOR/assignment-memory-allocator-master/src -losmem
gcc -I/home/student/Documents/MEMORY_ALLOCATOR/assignment-memory-allocator-master/utils -fPIC -Wall -Wextra -g -o snippets/test-realloc-block-reuse snippets/test-realloc-block-reuse.c -L/home/student/Documents/MEMORY_ALLOCATOR/assignment-memory-allocator-master/src -losmem
gcc -I/home/student/Documents/MEMORY_ALLOCATOR/assignment-memory-allocator-master/utils -fPIC -Wall -Wextra -g -o snippets/test-realloc-coalesce-big snippets/test-realloc-coalesce-big.c -L/home/student/Documents/MEMORY_ALLOCATOR/assignment-memory-allocator-master/src -losmem
gcc -I/home/student/Documents/MEMORY_ALLOCATOR/assignment-memory-allocator-master/utils -fPIC -Wall -Wextra -g -o snippets/test-realloc-coalesce snippets/test-realloc-coalesce.c -L/home/student/Documents/MEMORY_ALLOCATOR/assignment-memory-allocator-master/src -losmem
gcc -I/home/student/Documents/MEMORY_ALLOCATOR/assignment-memory-allocator-master/utils -fPIC -Wall -Wextra -g -o snippets/test-realloc-expand-block snippets/test-realloc-expand-block.c -L/home/student/Documents/MEMORY_ALLOCATOR/assignment-memory-allocator-master/src -losmem
gcc -I/home/student/Documents/MEMORY_ALLOCATOR/assignment-memory-allocator-master/utils -fPIC -Wall -Wextra -g -o snippets/test-realloc-no-preallocate snippets/test-realloc-no-preallocate.c -L/home/student/Documents/MEMORY_ALLOCATOR/assignment-memory-allocator-master/src -losmem
gcc -I/home/student/Documents/MEMORY_ALLOCATOR/assignment-memory-allocator-master/utils -fPIC -Wall -Wextra -g -o snippets/test-realloc-no-split snippets/test-realloc-no-split.c -L/home/student/Documents/MEMORY_ALLOCATOR/assignment-memory-allocator-master/src -losmem
gcc -I/home/student/Documents/MEMORY_ALLOCATOR/assignment-memory-allocator-master/utils -fPIC -Wall -Wextra -g -o snippets/test-realloc-preallocate snippets/test-realloc-preallocate.c -L/home/student/Documents/MEMORY_ALLOCATOR/assignment-memory-allocator-master/src -losmem
gcc -I/home/student/Documents/MEMORY_ALLOCATOR/assignment-memory-allocator-master/utils -fPIC -Wall -Wextra -g -o snippets/test-realloc-split-first snippets/test-realloc-split-first.c -L/home/student/Documents/MEMORY_ALLOCATOR/assignment-memory-allocator-master/src -losmem
gcc -I/home/student/Documents/MEMORY_ALLOCATOR/assignment-memory-allocator-master/utils -fPIC -Wall -Wextra -g -o snippets/test-realloc-split-last snippets/test-realloc-split-last.c -L/home/student/Documents/MEMORY_ALLOCATOR/assignment-memory-allocator-master/src -losmem
gcc -I/home/student/Documents/MEMORY_ALLOCATOR/assignment-memory-allocator-master/utils -fPIC -Wall -Wextra -g -o snippets/test-realloc-split-middle snippets/test-realloc-split-middle.c -L/home/student/Documents/MEMORY_ALLOCATOR/assignment-memory-allocator-master/src -losmem
gcc -I/home/student/Documents/MEMORY_ALLOCATOR/assignment-memory-allocator-master/utils -fPIC -Wall -Wextra -g -o snippets/test-realloc-split-one-block snippets/test-realloc-split-one-block.c -L/home/student/Documents/MEMORY_ALLOCATOR/assignment-memory-allocator-master/src -losmem
gcc -I/home/student/Documents/MEMORY_ALLOCATOR/assignment-memory-allocator-master/utils -fPIC -Wall -Wextra -g -o snippets/test-realloc-split-vector snippets/test-realloc-split-vector.c -L/home/student/Documents/MEMORY_ALLOCATOR/assignment-memory-allocator-master/src -losmem
make[1]: Leaving directory '/home/student/Documents/MEMORY_ALLOCATOR/assignment-memory-allocator-master/tests'
python3 run_tests.py
--- /home/student/Documents/MEMORY_ALLOCATOR/assignment-memory-allocator-master/tests/snippets/test-realloc-split-one-block.out
+++ /home/student/Documents/MEMORY_ALLOCATOR/assignment-memory-allocator-master/tests/ref/test-realloc-split-one-block.ref
@@ -16,7 +16,7 @@
 os_realloc (['HeapStart + 0x1e0a0', '8222'])                                              = HeapStart + 0xc0a0
 os_realloc (['HeapStart + 0x1f0c0', '4126'])                                              = HeapStart + 0xe0e0
 os_realloc (['HeapStart + 0x1f8e0', '2078'])                                              = HeapStart + 0xf120
-os_realloc (['HeapStart + 0x1fd00', '1054'])                                              = HeapStart + 0x1fd00
+os_realloc (['HeapStart + 0x1fd00', '1054'])                                              = HeapStart + 0xf960
 os_free (['0'])                                                                           = <void>
 os_free (['HeapStart + 0x10040'])                                                         = <void>
 os_free (['HeapStart + 0x20'])                                                            = <void>
@@ -24,5 +24,5 @@ os_free (['HeapStart + 0xc0a0'])                                                          = <void>
 os_free (['HeapStart + 0xe0e0'])                                                          = <void>
 os_free (['HeapStart + 0xf120'])                                                          = <void>
-os_free (['HeapStart + 0x1fd00'])                                                         = <void>
+os_free (['HeapStart + 0xf960'])                                                          = <void>
 +++ exited (status 0) +++

--- /home/student/Documents/MEMORY_ALLOCATOR/assignment-memory-allocator-master/tests/snippets/test-realloc-split-first.out
+++ /home/student/Documents/MEMORY_ALLOCATOR/assignment-memory-allocator-master/tests/ref/test-realloc-split-first.ref
@@ -24,7 +24,7 @@
 os_realloc (['HeapStart + 0x1e0a0', '8222'])                                              = HeapStart + 0xc0a0
 os_realloc (['HeapStart + 0x1f0c0', '4126'])                                              = HeapStart + 0xe0e0
 os_realloc (['HeapStart + 0x1f8e0', '2078'])                                              = HeapStart + 0xf120
-os_realloc (['HeapStart + 0x1fd00', '1054'])                                              = HeapStart + 0x1fd00
+os_realloc (['HeapStart + 0x1fd00', '1054'])                                              = HeapStart + 0xf960
 os_realloc (['HeapStart + 0x20c38', '542'])                                               = HeapStart + 0x20c38
   brk (['HeapStart + 0x20e58'])                                                           = HeapStart + 0x20e58
 os_free (['0'])                                                                           = <void>
@@ -34,7 +34,7 @@ os_free (['HeapStart + 0xc0a0'])                                                          = <void>
 os_free (['HeapStart + 0xe0e0'])                                                          = <void>
 os_free (['HeapStart + 0xf120'])                                                          = <void>
-os_free (['HeapStart + 0x1fd00'])                                                         = <void>
+os_free (['HeapStart + 0xf960'])                                                          = <void>
 os_free (['HeapStart + 0x20c38'])                                                         = <void>
 os_free (['HeapStart + 0x20020'])                                                         = <void>
 os_free (['HeapStart + 0x20428'])                                                         = <void>

--- /home/student/Documents/MEMORY_ALLOCATOR/assignment-memory-allocator-master/tests/snippets/test-all.out
+++ /home/student/Documents/MEMORY_ALLOCATOR/assignment-memory-allocator-master/tests/ref/test-all.ref
@@ -4,311 +4,276 @@
   brk (['0'])                                                                             = HeapStart + 0x0
   brk (['HeapStart + 0x20000'])                                                           = HeapStart + 0x20000
 os_realloc (['HeapStart + 0x20', '2000'])                                                 = HeapStart + 0x20
-  brk (['HeapStart + 0x203e8'])                                                           = HeapStart + 0x203e8
 os_free (['HeapStart + 0x20'])                                                            = <void>
 os_calloc (['0', '100'])                                                                  = 0
 os_free (['0'])                                                                           = <void>
 os_calloc (['10', '100'])                                                                 = HeapStart + 0x20
 os_free (['HeapStart + 0x20'])                                                            = <void>
 os_calloc (['10', '100'])                                                                 = HeapStart + 0x20
-os_realloc (['HeapStart + 0x20', '132072'])                                               = HeapStart + 0x20
-os_free (['HeapStart + 0x20'])                                                            = <void>
-os_calloc (['1', '5000'])                                                                 = <mapped-addr1> + 0x20
-  mmap (['0', '5032', 'PROT_READ | PROT_WRITE', 'MAP_PRIVATE | MAP_ANON', '-1', '0'])     = <mapped-addr1>
-os_realloc (['<mapped-addr1> + 0x20', '2000'])                                            = HeapStart + 0x20
-  munmap (['<mapped-addr1>', '5032'])                                                     = 0
+os_realloc (['HeapStart + 0x20', '132072'])                                               = <mapped-addr1> + 0x20
[...]
test-malloc-no-preallocate       ........................ passed ...   2
test-malloc-preallocate          ........................ passed ...   3
test-malloc-arrays               ........................ passed ...   5
test-malloc-block-reuse          ........................ passed ...   3
test-malloc-expand-block         ........................ passed ...   2
test-malloc-no-split             ........................ passed ...   2
test-malloc-split-one-block      ........................ passed ...   3
test-malloc-split-first          ........................ passed ...   2
test-malloc-split-last           ........................ passed ...   2
test-malloc-split-middle         ........................ passed ...   3
test-malloc-split-vector         ........................ passed ...   2
test-malloc-coalesce             ........................ passed ...   3
test-malloc-coalesce-big         ........................ passed ...   3
test-calloc-no-preallocate       ........................ passed ...   1
test-calloc-preallocate          ........................ passed ...   1
test-calloc-arrays               ........................ passed ...   5
test-calloc-block-reuse          ........................ passed ...   1
test-calloc-expand-block         ........................ passed ...   1
test-calloc-no-split             ........................ passed ...   1
test-calloc-split-one-block      ........................ passed ...   1
test-calloc-split-first          ........................ passed ...   1
test-calloc-split-last           ........................ passed ...   1
test-calloc-split-middle         ........................ passed ...   1
test-calloc-split-vector         ........................ passed ...   2
test-calloc-coalesce             ........................ passed ...   2
test-calloc-coalesce-big         ........................ passed ...   2
test-realloc-no-preallocate      ........................ passed ...   1
test-realloc-preallocate         ........................ passed ...   1
test-realloc-arrays              ........................ passed ...   3
test-realloc-block-reuse         ........................ passed ...   3
test-realloc-expand-block        ........................ passed ...   2
test-realloc-no-split            ........................ passed ...   3
test-realloc-split-one-block     ........................ failed ...   0
test-realloc-split-first         ........................ failed ...   0
test-realloc-split-last          ........................ passed ...   3
test-realloc-split-middle        ........................ passed ...   2
test-realloc-split-vector        ........................ passed ...   2
test-realloc-coalesce            ........................ passed ...   3
test-realloc-coalesce-big        ........................ passed ...   1
test-all                         ........................ failed ...   0

Checker:                                                            79/100
